main.c:70:6:clear7SEG	8	static
main.c:80:6:display7SEG	16	static
main.c:180:6:update7SEG	16	static
main.c:222:6:updateClockBuffer	4	static
main.c:242:6:initState	8	static
main.c:255:5:main	8	static
main.c:339:6:SystemClock_Config	72	static
main.c:375:13:MX_TIM2_Init	32	static
main.c:420:13:MX_GPIO_Init	32	static
main.c:469:6:HAL_TIM_PeriodElapsedCallback	16	static
main.c:473:6:displayLEDMtrix	16	static
main.c:516:6:updateLEDMatrix	16	static
main.c:613:6:updateMatrixBuffer	16	static
main.c:631:6:Error_Handler	4	static,ignoring_inline_asm
