main.c:70:6:clear7SEG	8	static
main.c:80:6:display7SEG	16	static
main.c:180:6:update7SEG	16	static
main.c:240:6:updateClockBuffer	4	static
main.c:265:6:initState	8	static
main.c:278:5:main	8	static
main.c:363:6:SystemClock_Config	72	static
main.c:399:13:MX_TIM2_Init	32	static
main.c:444:13:MX_GPIO_Init	32	static
main.c:493:6:HAL_TIM_PeriodElapsedCallback	16	static
main.c:497:6:displayLEDMtrix	16	static
main.c:540:6:updateLEDMatrix	16	static
main.c:637:6:updateMatrixBuffer	16	static
main.c:655:6:Error_Handler	4	static,ignoring_inline_asm
